Microchip MPLAB XC8 Compiler V2.36

Linker command line:

-W-3 --edf=C:\Program Files\Microchip\xc8\v2.36\pic\dat\en_msgs.txt -cn \
  -h+dist/default/production\Leader.production.sym \
  --cmf=dist/default/production\Leader.production.cmf -z -Q16F886 \
  -oC:\Users\EMARTI~1\AppData\Local\Temp\xcAs4n0.4 --defsym=__MPLAB_BUILD=1 \
  -Mdist/default/production/Leader.production.map \
  --md=C:\Users\EMARTI~1\AppData\Local\Temp\xcAs4n0.dat -E1 \
  -ver=XC8 Compiler --acfsm=1493 -ACODE=00h-07FFhx4 -ASTRCODE=00h-01FFFh \
  -ASTRING=00h-0FFhx32 -ACONST=00h-0FFhx32 -AENTRY=00h-0FFhx32 \
  -ACOMMON=070h-07Fh -ABANK0=020h-06Fh -ABANK1=0A0h-0EFh \
  -ABANK2=0110h-016Fh -ABANK3=0190h-01EFh \
  -ARAM=020h-06Fh,0A0h-0EFh,0110h-016Fh,0190h-01EFh \
  -AABS1=020h-07Fh,0A0h-0EFh,0110h-016Fh,0190h-01EFh -ASFR0=00h-01Fh \
  -ASFR1=080h-09Fh -ASFR2=0100h-010Fh -ASFR3=0180h-018Fh \
  -ACONFIG=02007h-02008h -DCONFIG=2 -AIDLOC=02000h-02003h -DIDLOC=2 \
  -AEEDATA=00h-0FFh/02100h -peeprom_data=EEDATA -DEEDATA=2 -DCODE=2 \
  -DSTRCODE=2 -DSTRING=2 -DCONST=2 -DENTRY=2 \
  -preset_vec=00h,intentry,init,end_init -ppowerup=CODE -pcinit=CODE \
  -pfunctab=ENTRY -k C:\Users\EMARTI~1\AppData\Local\Temp\xcAs4n0.o \
  dist/default/production\Leader.production.o 

Object code version is 3.11

Machine type is 16F886



                Name                               Link     Load   Length Selector   Space Scale
C:\Users\EMARTI~1\AppData\Local\Temp\xcAs4n0.o
                end_init                              0        0        3        0       0
                config                             2007     2007        2        0       4
                idloc                              2000     2000        4        0       5
dist/default/production\Leader.production.o
                cinit                               7FC      7FC        4      FF8       0
                config                             2007     2007        2        0       4
                idloc                              2000     2000        4        0       5
                text6                               715      715       66      E2A       0
                text5                               6D6      6D6       3F      DAC       0
                text4                               6B3      6B3        7      D66       0
                text3                               6BA      6BA        9      D74       0
                text2                               6C3      6C3        9      D86       0
                text1                               6CC      6CC        A      D98       0
                maintext                            77B      77B       81      EF6       0
                cstackBANK0                          20       20        F       20       1
                cstackCOMMON                         70       70        E       70       1
                strings                               3        3        C        6       0

TOTAL           Name                               Link     Load   Length     Space
        CLASS   CODE           
                end_init                              0        0        3         0
                cinit                               7FC      7FC        4         0
                text6                               715      715       66         0
                text5                               6D6      6D6       3F         0
                text4                               6B3      6B3        7         0
                text3                               6BA      6BA        9         0
                text2                               6C3      6C3        9         0
                text1                               6CC      6CC        A         0
                maintext                            77B      77B       81         0

        CLASS   STRCODE        

        CLASS   STRING         
                strings                               3        3        C         0

        CLASS   CONST          

        CLASS   ENTRY          

        CLASS   COMMON         
                cstackCOMMON                         70       70        E         1

        CLASS   BANK0          
                cstackBANK0                          20       20        F         1

        CLASS   BANK1          

        CLASS   BANK2          

        CLASS   BANK3          

        CLASS   RAM            

        CLASS   ABS1           
                abs_s1                               7E       7E        2         1

        CLASS   SFR0           

        CLASS   SFR1           

        CLASS   SFR2           

        CLASS   SFR3           

        CLASS   CONFIG         
                config                             2007     2007        2         4

        CLASS   IDLOC          
                idloc                              2000     2000        4         5

        CLASS   EEDATA         

        CLASS   STACK          



SEGMENTS        Name                           Load    Length   Top    Selector   Space  Class     Delta

                reset_vec                      000000  000003  000003         0       0  CODE        2
                strings                        000003  00000C  00000F         6       0  STRING      2
                cstackBANK0                    000020  00000F  00002F        20       1  BANK0       1
                cstackCOMMON                   000070  00000E  00007E        70       1  COMMON      1
                text4                          0006B3  000007  0006BA       D66       0  CODE        2
                text3                          0006BA  000009  0006C3       D74       0  CODE        2
                text2                          0006C3  000009  0006CC       D86       0  CODE        2
                text1                          0006CC  00000A  0006D6       D98       0  CODE        2
                text5                          0006D6  00003F  000715       DAC       0  CODE        2
                text6                          000715  000066  00077B       E2A       0  CODE        2
                maintext                       00077B  000081  0007FC       EF6       0  CODE        2
                cinit                          0007FC  000004  000800       FF8       0  CODE        2


UNUSED ADDRESS RANGES

        Name                Unused          Largest block    Delta
        BANK0            002F-006F             41           1
        BANK1            00A0-00EF             50           1
        BANK2            0110-016F             60           1
        BANK3            0190-01EF             60           1
        CODE             000F-06B2            6A4           2
                         0800-1FFF            800
        CONST            000F-06B2            100           2
                         0800-1FFF            100
        EEDATA           2100-21FF            100           2
        ENTRY            000F-06B2            100           2
                         0800-1FFF            100
        RAM              002F-006F             41           1
                         00A0-00EF             50
                         0110-016F             60
                         0190-01EF             60
        SFR0             0000-001F             20           1
        SFR1             0080-009F             20           1
        SFR2             0100-010F             10           1
        SFR3             0180-018F             10           1
        STRCODE          000F-06B2            6A4           2
                         0800-1FFF           1800
        STRING           000F-06B2            100           2
                         0800-1FFF            100

                                  Symbol Table

?___lldiv                 cstackCOMMON 0070
I2C_Master_Init@c         cstackBANK0  0020
I2C_Master_Write@d        cstackCOMMON 0070
_ACKDT                    (abs)        048D
_ACKEN                    (abs)        048C
_ANSEL                    (abs)        0188
_I2C_Master_Init          text5        06D6
_I2C_Master_Start         text3        06BA
_I2C_Master_Stop          text2        06C3
_I2C_Master_Wait          text4        06B3
_I2C_Master_Write         text1        06CC
_PEN                      (abs)        048A
_PORTAbits                (abs)        0005
_PORTBbits                (abs)        0006
_PORTCbits                (abs)        0007
_RA2                      (abs)        002A
_RA3                      (abs)        002B
_RCEN                     (abs)        048B
_RSEN                     (abs)        0489
_SEN                      (abs)        0488
_SSPADD                   (abs)        0093
_SSPBUF                   (abs)        0013
_SSPCON                   (abs)        0014
_SSPCON2                  (abs)        0091
_SSPCONbits               (abs)        0014
_SSPSTAT                  (abs)        0094
_T1CON                    (abs)        0010
_TMR1H                    (abs)        000F
_TMR1L                    (abs)        000E
_TMR1ON                   (abs)        0080
_TRISA                    (abs)        0085
_TRISB                    (abs)        0086
_TRISC                    (abs)        0087
_TRISC3                   (abs)        043B
_TRISC4                   (abs)        043C
__Habs1                   abs1         0000
__Hbank0                  bank0        0000
__Hbank1                  bank1        0000
__Hbank2                  bank2        0000
__Hbank3                  bank3        0000
__Hcinit                  cinit        0800
__Hclrtext                clrtext      0000
__Hcode                   code         0000
__Hcommon                 common       0000
__Hconfig                 config       2009
__HcstackBANK0            cstackBANK0  0000
__HcstackCOMMON           cstackCOMMON 0000
__Heeprom_data            eeprom_data  0000
__Hend_init               end_init     0003
__Hfunctab                functab      0000
__Hidloc                  idloc        2004
__Hinit                   init         0000
__Hintentry               intentry     0000
__Hmaintext               maintext     0000
__Hpowerup                powerup      0000
__Hram                    ram          0000
__Hreset_vec              reset_vec    0000
__Hsfr0                   sfr0         0000
__Hsfr1                   sfr1         0000
__Hsfr2                   sfr2         0000
__Hsfr3                   sfr3         0000
__Hspace_0                (abs)        0800
__Hspace_1                (abs)        007E
__Hspace_2                (abs)        0000
__Hspace_3                (abs)        0000
__Hspace_4                (abs)        4010
__Hstack                  stack        0000
__Hstrings                strings      0000
__Htext                   text         0000
__Labs1                   abs1         0000
__Lbank0                  bank0        0000
__Lbank1                  bank1        0000
__Lbank2                  bank2        0000
__Lbank3                  bank3        0000
__Lcinit                  cinit        07FC
__Lclrtext                clrtext      0000
__Lcode                   code         0000
__Lcommon                 common       0000
__Lconfig                 config       0000
__LcstackBANK0            cstackBANK0  0000
__LcstackCOMMON           cstackCOMMON 0000
__Leeprom_data            eeprom_data  0000
__Lend_init               end_init     0000
__Lfunctab                functab      0000
__Lidloc                  idloc        0000
__Linit                   init         0000
__Lintentry               intentry     0000
__Lmaintext               maintext     0000
__Lpowerup                powerup      0000
__Lram                    ram          0000
__Lreset_vec              reset_vec    0000
__Lsfr0                   sfr0         0000
__Lsfr1                   sfr1         0000
__Lsfr2                   sfr2         0000
__Lsfr3                   sfr3         0000
__Lspace_0                (abs)        0000
__Lspace_1                (abs)        0000
__Lspace_2                (abs)        0000
__Lspace_3                (abs)        0000
__Lspace_4                (abs)        0000
__Lstack                  stack        0000
__Lstrings                strings      0000
__Ltext                   text         0000
__S0                      (abs)        0800
__S1                      (abs)        007E
__S3                      (abs)        0000
___int_sp                 stack        0000
___latbits                (abs)        0002
___lldiv                  text6        0715
___lldiv@counter          cstackCOMMON 007D
___lldiv@dividend         cstackCOMMON 0074
___lldiv@divisor          cstackCOMMON 0070
___lldiv@quotient         cstackCOMMON 0079
___sp                     stack        0000
___stackhi                (abs)        0000
___stacklo                (abs)        0000
__end_of_I2C_Master_Init  text5        0715
__end_of_I2C_Master_Start text3        06C3
__end_of_I2C_Master_Stop  text2        06CC
__end_of_I2C_Master_Wait  text4        06BA
__end_of_I2C_Master_Write text1        06D6
__end_of__0               strings      000F
__end_of__180             strings      000B
__end_of__90              strings      000D
__end_of___lldiv          text6        077B
__end_of__initialization  cinit        07FC
__end_of__stringtab       strings      0009
__end_of_main             maintext     07FC
__initialization          cinit        07FC
__pcstackBANK0            cstackBANK0  0020
__pcstackCOMMON           cstackCOMMON 0070
__pmaintext               maintext     077B
__pstrings                strings      0003
__ptext1                  text1        06CC
__ptext2                  text2        06C3
__ptext3                  text3        06BA
__ptext4                  text4        06B3
__ptext5                  text5        06D6
__ptext6                  text6        0715
__stringbase              strings      0008
__stringtab               strings      0003
_main                     maintext     077B
btemp                     (abs)        007E
end_of_initialization     cinit        07FC
intlevel0                 functab      0000
intlevel1                 functab      0000
intlevel2                 functab      0000
intlevel3                 functab      0000
intlevel4                 functab      0000
intlevel5                 functab      0000
main@x1                   cstackBANK0  002B
main@x2                   cstackBANK0  002D
reset_vec                 reset_vec    0000
start                     init         0000
start_initialization      cinit        07FC
wtemp0                    (abs)        007E


MODULE INFORMATION

Module		Function		Class		Link	Load	Size
C:\Program Files\Microchip\xc8\v2.36\pic\sources\c90\common\__lldiv.c
		___lldiv       		CODE           	0715	0000	102

C:\Program Files\Microchip\xc8\v2.36\pic\sources\c90\common\__lldiv.c estimated size: 102

shared
		__0            		STRING         	0000	0000	0
		__stringtab    		STRING         	0003	0000	6
		__90           		STRING         	0000	0000	0
		__initialization		CODE           	07FC	0000	1
		__180          		STRING         	0000	0000	0

shared estimated size: 7

./i2c.h
		_I2C_Master_Wait		CODE           	06B3	0000	7
		_I2C_Master_Init		CODE           	06D6	0000	63
		_I2C_Master_Stop		CODE           	06C3	0000	9
		_I2C_Master_Write		CODE           	06CC	0000	10
		_I2C_Master_Start		CODE           	06BA	0000	9

./i2c.h estimated size: 98

main.c
		_main          		CODE           	077B	0000	129

main.c estimated size: 129

